error: the test function accepts only one argument of type sc_service::TaskExecutor
 --> $DIR/too-many-func-parameters.rs:4:1
  |
4 | async fn too_many_func_parameters(task_executor_1: TaskExecutor, task_executor_2: TaskExecutor) {
  | ^^^^^^^^^^^^^^^^^^^^^^^^^^^^^^^^^^^^^^^^^^^^^^^^^^^^^^^^^^^^^^^^^^^^^^^^^^^^^^^^^^^^^^^^^^^^^^^

warning: unused import: `sc_service::TaskExecutor`
 --> $DIR/too-many-func-parameters.rs:1:5
  |
1 | use sc_service::TaskExecutor;
  |     ^^^^^^^^^^^^^^^^^^^^^^^^
  |
  = note: `#[warn(unused_imports)]` on by default
